DECISIONS.log — iGarden Smart OS Demo · TAQADAM Hardening Sprint
Branch: feat/smartos-demo-hardening
Started: 2026-05-22

Each entry: ISO-date · decision · reason · affects.

──────────────────────────────────────────────────────────────────────
2026-05-22 · Path B (layered scaffold)
  Reason: existing repo is static HTML only (no package.json); brief Path A
          formally excluded (npm run dev impossible). Brief Path B fits:
          "scaffold جديد على نفس stack الموقع، أعد استخدام أي مكوّن صالح".
  Affects: entire build approach.

2026-05-22 · Mirror igarden-web stack exactly
  Reason: brand consistency, identical tooling, zero learning curve for the
          team that maintains igarden.sa. Versions pinned to match
          igarden-web/package.json (Next 16.2.4, React 19.2.5, Tailwind v4).
  Affects: package.json, configs.

2026-05-22 · Local SQLite (better-sqlite3) instead of Supabase cloud
  Reason: brief explicitly allows "Supabase أو SQLite محلي إن لم يتوفّر".
          No Supabase CLI installed. Phase 4 requires offline laptop demo —
          SQLite is the simplest path. Schema mirrors Supabase shape so a
          migration is trivial (.sql file is reusable).
  Affects: data layer.

2026-05-22 · Preserve old index.html in _legacy/ (not deleted)
  Reason: conservative — old demo is design reference + git history.
  Affects: repo root.

2026-05-22 · Branch feat/smartos-demo-hardening from main
  Reason: brief §9 explicit.
  Affects: git.

2026-05-22 · No push, no deploy, no MQTT/GPIO/FastAPI until G2/G3/G4
  Reason: STOP-GATEs are non-negotiable per §10.
  Affects: all phases.

──────────────────────────────────────────────────────────────────────
2026-05-22 · Server Actions inline in server components (not REST API routes)
  Reason: simpler than route handlers, server-side enforcement is identical
          (decideAIAction / issueCommandAction wrap CommandSafetyError-throwing
          query helpers). Less boilerplate, fewer surfaces to lock down.
  Affects: src/lib/actions.ts; passed as props to client components.

2026-05-22 · No PDF library; use browser print + CSV
  Reason: works offline (no pdf-lib heavy dep), still produces a sharable
          IFA-aligned compliance report with the mandatory disclaimer footer.
  Affects: src/components/ComplianceExport.tsx.

2026-05-22 · AI recommendation evidence pre-baked (no model call)
  Reason: brief §7 forbids unexplained AI + requires confidence label +
          human approval. Pre-baked evidence is the most honest implementation
          for a demo — exact text the engineering team reviewed.
  Affects: data/seed.ts, src/lib/golden-flow.ts.

2026-05-22 · 4 personas: operator/manager/executive (role cookie)
  Reason: brief §4 phase 2.4 — same data, different surfaces. Cookie-based
          so SSR can read it; no client store needed.
  Affects: src/lib/role.ts, components/RoleSwitcher.tsx, site/[id]/page.tsx.

2026-05-22 · NetworkHealth profile is *static-but-plausible*, never "instant"
  Reason: brief §4 phase 3.7 — even in simulated mode, avoid implying
          impossible zero-latency sync. Per-site profile shows realistic
          MQTT/Modbus latency + jitter.
  Affects: src/components/NetworkHealth.tsx.

2026-05-22 · Phase 4 fallback: dev requires no internet beyond first install
  Reason: brief §4 phase 4.3 — laptop demo offline. SQLite is local.
          Fonts are Tajawal+Poppins via next/font (cached in .next after
          first build). next.config.ts has no remote image hosts.
  Affects: data layer + layout.

2026-05-22 · 3 local commits (split logically); NO PUSH per G3
  Reason: brief §9 + §10 — commits small and local; push requires G3 approval.
  Affects: git history on feat/smartos-demo-hardening.

══════════════════════════════════════════════════════════════════════
 SECOND SPRINT — Supabase migration (fix Vercel deploy)
══════════════════════════════════════════════════════════════════════

2026-05-22 · Switched from SQLite to Supabase Postgres
  Reason: SQLite is offline-first but doesn't survive Vercel serverless
          (read-only FS / per-deploy reset) — /ai prerender failed because
          the build-time DB was empty. Brief-2 mandates online deploy +
          future MQTT live-data path.
  Affects: data layer, all pages, deployment story.

2026-05-22 · اختير Pro لعزل البيانات الفيزيائي (قرار علي 22 مايو + G-DATA)
  Reason: Free tier capped at 2 active projects per admin; org had
          igarden-web + igarden-ai-council already. New project
          igarden-smartos-demo (ID: ewcmosjxbqtzmkzakojn) keeps demo
          seeds physically separated from CRM/leads. $10/mo.
  Affects: project topology, billing.

2026-05-22 · Postgres ENUM types instead of CHECK strings
  Reason: cleaner than SQLite-style CHECK(IN(...)); the type system
          rejects forbidden values at parse time, not just insert time.
          Same red lines, stronger enforcement: source_type ENUM,
          requires_human_approval CHECK(=true), reason/disclaimer NOT NULL.
  Affects: data/schema.sql → supabase migration.

2026-05-22 · RLS: anon SELECT only, service_role writes
  Reason: brief §3 — public-readable demo, server-only writes.
          The seed function (seed_demo_data) and all Server Actions go
          through service_role; the dashboard reads use anon via SSR.
  Affects: 12 tables, 12 policies, security model.

2026-05-22 · Atomic write paths via Postgres functions (RPC)
  Reason: Supabase JS has no transactions; the old SQLite version used
          db.transaction(). Moved issue/execute/trigger logic to plpgsql:
          issue_command_with_event · execute_command_with_event ·
          trigger_golden_flow · seed_demo_data. Atomicity matches the
          original; bonus: callable from any SQL client.
  Affects: src/lib/queries.ts, src/lib/golden-flow.ts.

2026-05-22 · Pure-SQL seed function instead of TS-only script
  Reason: TS seed script needs SUPABASE_SERVICE_ROLE_KEY locally; the
          Postgres seed_demo_data() function runs server-side via
          execute_sql — no secret leak through .env.local during demo
          setup. TS script (scripts/seed-supabase.ts) kept as backup
          for CI-driven re-seeds.
  Affects: scripts/seed-supabase.ts, migrations/seed function.

2026-05-22 · All 9 pages: export const dynamic = 'force-dynamic'
  Reason: root cause of /ai prerender error was static generation of
          server components that read DB. Forcing dynamic = no build-time
          DB access = build passes even with empty / inaccessible DB.
  Affects: all src/app/**/page.tsx.

2026-05-22 · Defensive EmptyDb fallback on every list-using page
  Reason: belt + suspenders. Even with dynamic rendering, a Supabase
          outage shouldn't crash the page — render a graceful empty state
          telling the operator to seed.
  Affects: src/components/EmptyDb.tsx + all pages.

2026-05-22 · Tests: unit (mock) + integration (env-gated, auto-skip)
  Reason: removing better-sqlite3 killed the old fixtures. Pure DB
          constraint tests are now structural (in the migration) —
          re-asserting them needs Postgres. Solution: unit tests with a
          mocked supabase client (always run) + integration tests that
          auto-skip when SUPABASE_SERVICE_ROLE_KEY isn't set.
          15 tests total, 11 pass without env, 4 run with env.
  Affects: tests/, vitest.config.ts.

2026-05-22 · Branch feat/supabase-migration off feat/smartos-demo-hardening
  Reason: clean isolation — the previous PR (#3) stays as the SQLite
          checkpoint; this is the deployable variant. Keeps history clean.
  Affects: git topology.

══════════════════════════════════════════════════════════════════════
 SECOND SPRINT — HOTFIX (post-G3) before Preview
══════════════════════════════════════════════════════════════════════

2026-05-23 · Removed 'live' overclaim from seed (commit 70673ce)
  Reason: عسفان pH + water_temp + gateway + controller were seeded
          with source_type='live' while values are synthesized by
          Postgres random()/sine — direct §7 violation
          ("simulated data without simulated badge"). Fix: every seed
          row is now 'simulated'. The 'live' enum is reserved for the
          post-G2 MQTT bridge so any 'live'-badged row in the running
          UI proves a real device, never demo data.
  Affects: scripts/seed-supabase.ts +
           supabase/migrations/20260522000003_*.sql +
           one-shot UPDATE patched the rows already in Supabase.

══════════════════════════════════════════════════════════════════════
 S0 DISCOVERY — main (RC-2) divergence audit (read-only)
══════════════════════════════════════════════════════════════════════

2026-05-23 · اكتُشف تباعد main (RC-2) عن فرع الديمو — توقف للقرار المعماري
  Findings:
    • main advanced 4 commits since fd8e45b (last: 0280c30 on 2026-05-08
      "Merge RC-2: bilingual UI + login gate + compliance hardening").
    • +13,584 / -5,096 lines. 49 files. RC-2 is a parallel build that
      ALSO chose Supabase but for a different domain (compliance &
      traceability, not real-time HMI).
    • Vercel state:
        - main @0280c30  : SUCCESS deploy (RC-2 is live)
        - PR #4 (mine)   : FAILED preview deploy (the trigger)
        - PR #3 (SQLite) : FAILED  (expected — SQLite cannot run on Vercel)
    • App structure clash: RC-2 = app/ (root), mine = src/app/.
      Two Next.js app directories cannot coexist (build error).
    • Schema: ZERO table-name overlap. RC-2 tables (farms, zones,
      batches, audit_events, input_usage_logs, calibration_logs,
      water_sources, report_exports) are complementary to mine
      (sites, devices, sensors, readings, alerts, commands,
      control_events, maintenance_logs, reports, ai_recommendations,
      cooling_water_logs, ro_telemetry). Could coexist in one Postgres.
    • Compliance: RC-2 ships a mature engine (compliance-engine.ts +
      standards.ts + docs/global-standards-gap-analysis.md mapping
      GLOBALG.A.P. IFA v6 / ISO 22005 / HACCP / EU MRL / ISO 22000 /
      ISO 27001 with control-point gap analysis + 3-sprint roadmap).
      Mine ships only ComplianceExport.tsx (CSV + print-to-PDF + footer).
      RC-2's compliance posture > mine.
    • Auth: RC-2 has Supabase Auth + LoginScreen + farm_memberships RLS.
      Mine has none (anon-read).
    • i18n: RC-2 bilingual (ar/en) via I18nContext + translations.ts.
      Mine Arabic-only.
  Status: NO destructive action taken. PR #4 unchanged. main unchanged.
          Awaiting user choice between Path-1 (rebuild on RC-2) and
          Path-3 (cherry-pick ISA-101/Golden-Flow features onto RC-2).
  Affects: blocks G4 deploy decision.

══════════════════════════════════════════════════════════════════════
 THIRD SPRINT — Path-3 integration: unify compliance (RC-2) + ops (mine)
══════════════════════════════════════════════════════════════════════

2026-05-23 · المسار 3: توحيد طبقتي التشغيل (فرعي) + الامتثال (RC-2)
            في نظام واحد. RC-2=جلسة Web موازية لي.
  Reason: schemas are complementary (zero table-name overlap), so
          Path-3 (cherry-pick onto main) is cheaper than Path-1
          (rebuild from scratch) while preserving every line of
          RC-2's compliance work + every line of mine.
  Affects: new branch integration/unified-smartos off origin/main.

2026-05-23 · /operations route prefix (NOT replacing /)
  Reason: RC-2's / (compliance demo, 3,858 lines, live on
          demo.igarden.sa) stays untouched. My HMI mounts under
          /operations/*. Zero collision; existing visitor experience
          preserved. Ali's call.
  Affects: routing.

2026-05-23 · Tailwind v4 ADDED to RC-2's plain-CSS stack
  Reason: 24 HMI components use Tailwind utility classes. RC-2 uses
          inline styles + plain globals.css. Tailwind = additive
          (utility class scope is opt-in via className), so it
          coexists without touching RC-2's existing visuals.
          ISA-101 design tokens live in @theme block of app/globals.css.
  Affects: app/globals.css, postcss.config.mjs, package.json.

2026-05-23 · File rename to avoid clash with RC-2's app/lib/supabase.ts
  Reason: RC-2 has a fetch()-based PostgREST helper at app/lib/supabase.ts
          for anon reads. I have an SDK-based service_role client. They
          serve different patterns. Renamed mine to supabase-server.ts
          (and supabase/client.ts → supabase-browser.ts) + types.ts →
          smartos-types.ts. Both coexist as separate files.
  Affects: app/lib/supabase-server.ts, supabase-browser.ts, smartos-types.ts.

2026-05-23 · tsconfig: strict:false (RC-2's choice) — accepted, logged debt
  Reason: my code is strict-mode written but RC-2's tsconfig is loose
          (strict: false, noImplicitAny: false). Loose accepts strict
          code; no immediate problem. Tech debt: TIGHTEN AFTER TAQADAM
          when there's time to fix RC-2's any-typed surfaces.
  Affects: tsconfig.json.

2026-05-23 · Auth gate via DemoAuthProvider on /operations/layout.tsx
  Reason: RC-2 gates / via DemoAuthProvider inside app/page.tsx.
          /operations needs the same gate. Wrapping in
          app/operations/layout.tsx keeps RC-2's pattern intact while
          extending it to my HMI. Auth state shared via localStorage
          key — one login unlocks both surfaces.
  Affects: app/operations/layout.tsx.

2026-05-23 · Live Operations CTA injected into RC-2 header (additive only)
  Reason: TAQADAM presenter story flows /compliance → /operations/demo.
          Added a lime button in the existing header flex container,
          between live-pulse and language toggle. No structural
          changes to RC-2's UI. Mirror back-link in NavSidebar.
  Affects: app/page.tsx (one Edit insertion), app/components/NavSidebar.tsx.

2026-05-23 · Migrations renamed with later timestamps (no DB collision)
  Reason: my 3 smartos migrations stamped 20260523* — they apply AFTER
          RC-2's 20260507/20260508 series. CREATE TYPE clauses won't
          fire twice because the live Supabase project (mine,
          ewcmosjxbqtzmkzakojn) already had them; a fresh project
          would apply all 11 cleanly.
  Affects: supabase/migrations/20260523000001..3_smartos_operational_*.sql.

2026-05-23 · Live DB unchanged in this sprint
  Reason: my Supabase project already has 12 operational tables +
          60,488 seeded readings from previous sprints. RC-2's
          compliance schema is NOT applied to my project (don't know
          which Supabase project main is wired to in prod; risk of
          shadowing). When Ali wires env vars at G4, decide then.
  Affects: deferred to G4.



